// Jest Snapshot v1, https://goo.gl/fbAQLP

exports[`Banner snapshot show be the same 1`] = `
<div>
  <h1
    className="Banner__StyledHeader-sc-13xmge6-0 kiILqj"
    data-testid="banner"
  >
    Hello, 
    foo
  </h1>
</div>
`;
